16:04:31 **** Incremental Build of configuration Debug for project LegDay ****
make -j8 all 
arm-none-eabi-gcc "E:/MyProjects/GuardDog/stm32/MotorDrive/LegDay/Src/main.c" -mcpu=cortex-m4 -std=gnu11 -g3 -DDEBUG -DARM_MATH_CM4 -DUSE_HAL_DRIVER -DSTM32G474xx -c -I../../Drivers/STM32G4xx_HAL_Driver/Inc -I../../Drivers/STM32G4xx_HAL_Driver/Inc/Legacy -I../../MCSDK_v6.2.0-Full/MotorControl/MCSDK/MCLib/Any/Inc -I../../MCSDK_v6.2.0-Full/MotorControl/MCSDK/MCLib/G4xx/Inc -I../../Drivers/CMSIS/Device/ST/STM32G4xx/Include -I../../Drivers/CMSIS/Include -I../../Drivers/CMSIS/DSP/Include -I../../Inc -I../../Middlewares/ST/AI/Inc -I../../../MCSDK_v6.2.0-Full/MotorControl/MCSDK/MCLib/Any/Inc -I../../../MCSDK_v6.2.0-Full/MotorControl/MCSDK/MCLib/G4xx/Inc -Ofast -ffunction-sections -fdata-sections -Wall -fstack-usage -fcyclomatic-complexity -MMD -MP -MF"Application/User/main.d" -MT"Application/User/main.o" --specs=nano.specs -mfpu=fpv4-sp-d16 -mfloat-abi=hard -mthumb -o "Application/User/main.o"
In file included from ../../Inc/mc_config.h:38,
                 from ../../Inc/motorcontrol.h:25,
                 from ../../Inc/main.h:32,
                 from E:/MyProjects/GuardDog/stm32/MotorDrive/LegDay/Src/main.c:20:
../../MCSDK_v6.2.0-Full/MotorControl/MCSDK/MCLib/G4xx/Inc/r3_1_g4xx_pwm_curr_fdbk.h:263:13: warning: 'R3_1_RLGetPhaseCurrents' declared 'static' but never defined [-Wunused-function]
  263 | static void R3_1_RLGetPhaseCurrents(PWMC_Handle_t *pHdl, ab_t *pStator_Currents);
      |             ^~~~~~~~~~~~~~~~~~~~~~~
../../MCSDK_v6.2.0-Full/MotorControl/MCSDK/MCLib/G4xx/Inc/r3_1_g4xx_pwm_curr_fdbk.h:276:13: warning: 'R3_1_RLTurnOnLowSides' declared 'static' but never defined [-Wunused-function]
  276 | static void R3_1_RLTurnOnLowSides(PWMC_Handle_t *pHdl, uint32_t ticks);
      |             ^~~~~~~~~~~~~~~~~~~~~
../../MCSDK_v6.2.0-Full/MotorControl/MCSDK/MCLib/G4xx/Inc/r3_1_g4xx_pwm_curr_fdbk.h:285:13: warning: 'R3_1_RLSwitchOnPWM' declared 'static' but never defined [-Wunused-function]
  285 | static void R3_1_RLSwitchOnPWM( PWMC_Handle_t *pHdl);
      |             ^~~~~~~~~~~~~~~~~~
arm-none-eabi-gcc -o "LegDay.elf" @"objects.list"  -Wl,--start-group -l:libmp-IAR_ARMv7-M.a -l:NetworkRuntime810_CM4_GCC.a -Wl,--end-group -mcpu=cortex-m4 -T"E:\MyProjects\GuardDog\stm32\MotorDrive\LegDay\STM32CubeIDE\STM32G474RETX_FLASH.ld" --specs=nosys.specs -Wl,-Map="LegDay.map" -Wl,--gc-sections -static -L../../MCSDK_v6.2.0-Full/MotorControl/libMP -L../../Middlewares/ST/AI/Lib --specs=nano.specs -mfpu=fpv4-sp-d16 -mfloat-abi=hard -mthumb -Wl,--start-group -lc -lm -Wl,--end-group
E:/ST/STM32CubeIDE_1.14.0/STM32CubeIDE/plugins/com.st.stm32cube.ide.mcu.externaltools.gnu-tools-for-stm32.11.3.rel1.win32_1.1.100.202309141235/tools/bin/../lib/gcc/arm-none-eabi/11.3.1/../../../../arm-none-eabi/bin/ld.exe: E:/ST/STM32CubeIDE_1.14.0/STM32CubeIDE/plugins/com.st.stm32cube.ide.mcu.externaltools.gnu-tools-for-stm32.11.3.rel1.win32_1.1.100.202309141235/tools/bin/../lib/gcc/arm-none-eabi/11.3.1/../../../../arm-none-eabi/lib/thumb/v7e-m+fp/hard\libc_nano.a(libc_a-closer.o): in function `_close_r':
(.text._close_r+0xc): warning: _close is not implemented and will always fail
E:/ST/STM32CubeIDE_1.14.0/STM32CubeIDE/plugins/com.st.stm32cube.ide.mcu.externaltools.gnu-tools-for-stm32.11.3.rel1.win32_1.1.100.202309141235/tools/bin/../lib/gcc/arm-none-eabi/11.3.1/../../../../arm-none-eabi/bin/ld.exe: E:/ST/STM32CubeIDE_1.14.0/STM32CubeIDE/plugins/com.st.stm32cube.ide.mcu.externaltools.gnu-tools-for-stm32.11.3.rel1.win32_1.1.100.202309141235/tools/bin/../lib/gcc/arm-none-eabi/11.3.1/../../../../arm-none-eabi/lib/thumb/v7e-m+fp/hard\libc_nano.a(libc_a-fstatr.o): in function `_fstat_r':
(.text._fstat_r+0xe): warning: _fstat is not implemented and will always fail
E:/ST/STM32CubeIDE_1.14.0/STM32CubeIDE/plugins/com.st.stm32cube.ide.mcu.externaltools.gnu-tools-for-stm32.11.3.rel1.win32_1.1.100.202309141235/tools/bin/../lib/gcc/arm-none-eabi/11.3.1/../../../../arm-none-eabi/bin/ld.exe: E:/ST/STM32CubeIDE_1.14.0/STM32CubeIDE/plugins/com.st.stm32cube.ide.mcu.externaltools.gnu-tools-for-stm32.11.3.rel1.win32_1.1.100.202309141235/tools/bin/../lib/gcc/arm-none-eabi/11.3.1/../../../../arm-none-eabi/lib/thumb/v7e-m+fp/hard\libc_nano.a(libc_a-isattyr.o): in function `_isatty_r':
(.text._isatty_r+0xc): warning: _isatty is not implemented and will always fail
E:/ST/STM32CubeIDE_1.14.0/STM32CubeIDE/plugins/com.st.stm32cube.ide.mcu.externaltools.gnu-tools-for-stm32.11.3.rel1.win32_1.1.100.202309141235/tools/bin/../lib/gcc/arm-none-eabi/11.3.1/../../../../arm-none-eabi/bin/ld.exe: E:/ST/STM32CubeIDE_1.14.0/STM32CubeIDE/plugins/com.st.stm32cube.ide.mcu.externaltools.gnu-tools-for-stm32.11.3.rel1.win32_1.1.100.202309141235/tools/bin/../lib/gcc/arm-none-eabi/11.3.1/../../../../arm-none-eabi/lib/thumb/v7e-m+fp/hard\libc_nano.a(libc_a-lseekr.o): in function `_lseek_r':
(.text._lseek_r+0x10): warning: _lseek is not implemented and will always fail
E:/ST/STM32CubeIDE_1.14.0/STM32CubeIDE/plugins/com.st.stm32cube.ide.mcu.externaltools.gnu-tools-for-stm32.11.3.rel1.win32_1.1.100.202309141235/tools/bin/../lib/gcc/arm-none-eabi/11.3.1/../../../../arm-none-eabi/bin/ld.exe: E:/ST/STM32CubeIDE_1.14.0/STM32CubeIDE/plugins/com.st.stm32cube.ide.mcu.externaltools.gnu-tools-for-stm32.11.3.rel1.win32_1.1.100.202309141235/tools/bin/../lib/gcc/arm-none-eabi/11.3.1/../../../../arm-none-eabi/lib/thumb/v7e-m+fp/hard\libc_nano.a(libc_a-readr.o): in function `_read_r':
(.text._read_r+0x10): warning: _read is not implemented and will always fail
E:/ST/STM32CubeIDE_1.14.0/STM32CubeIDE/plugins/com.st.stm32cube.ide.mcu.externaltools.gnu-tools-for-stm32.11.3.rel1.win32_1.1.100.202309141235/tools/bin/../lib/gcc/arm-none-eabi/11.3.1/../../../../arm-none-eabi/bin/ld.exe: E:/ST/STM32CubeIDE_1.14.0/STM32CubeIDE/plugins/com.st.stm32cube.ide.mcu.externaltools.gnu-tools-for-stm32.11.3.rel1.win32_1.1.100.202309141235/tools/bin/../lib/gcc/arm-none-eabi/11.3.1/../../../../arm-none-eabi/lib/thumb/v7e-m+fp/hard\libc_nano.a(libc_a-writer.o): in function `_write_r':
(.text._write_r+0x10): warning: _write is not implemented and will always fail
Finished building target: LegDay.elf
 
arm-none-eabi-size  LegDay.elf 
arm-none-eabi-objdump -h -S LegDay.elf  > "LegDay.list"
   text	   data	    bss	    dec	    hex	filename
 108084	   5396	  11480	 124960	  1e820	LegDay.elf
Finished building: default.size.stdout
 
Finished building: LegDay.list
 
