C:/Users/Plutonium/MyProjects/GuardDog/stm32/MotorDrive/LegDay/Src/main.c:189:6:SystemClock_Config	3
C:/Users/Plutonium/MyProjects/GuardDog/stm32/MotorDrive/LegDay/Src/main.c:93:5:main	2
C:/Users/Plutonium/MyProjects/GuardDog/stm32/MotorDrive/LegDay/Src/main.c:264:6:convert_angle	1
C:/Users/Plutonium/MyProjects/GuardDog/stm32/MotorDrive/LegDay/Src/main.c:272:7:scale_vel	1
C:/Users/Plutonium/MyProjects/GuardDog/stm32/MotorDrive/LegDay/Src/main.c:275:7:clip	2
C:/Users/Plutonium/MyProjects/GuardDog/stm32/MotorDrive/LegDay/Src/main.c:290:6:Error_Handler	1
